error: proc-macro derive panicked
 --> tests/compile-fail/details-invalid.rs:4:24
  |
4 | #[derive(Debug, Error, ResponseError)]
  |                        ^^^^^^^^^^^^^
  |
  = help: message: Invalid `details` in #[response]
